// Jest Snapshot v1, https://goo.gl/fbAQLP

exports[`Pruebas en <GifItem/> debe hacer match con el snapshot 1`] = `
<div>
  <div
    class="card"
  >
    <img
      alt="Buenas buenas"
      src="hhtps://one-punch.com"
    />
    <p>
      Buenas buenas
    </p>
  </div>
</div>
`;
